// Jest Snapshot v1, https://goo.gl/fbAQLP

exports[`db2 command should display the help 1`] = `
"
 DESCRIPTION
 -----------

   Interact with IBM Db2 for z/OS

 USAGE
 -----

   zowe db2 <group>

   Where <group> is one of the following:

 GROUPS
 ------

   call    Call a stored procedure
   execute Execute a SQL query    
   export  Export a table         

 GLOBAL OPTIONS
 --------------

   --response-format-json  | --rfj (boolean)

      Produce JSON formatted data from a command

   --help  | -h (boolean)

      Display help text

   --help-examples  (boolean)

      Display examples for all the commands in a group

   --help-web  | --hw (boolean)

      Display HTML help in browser

{
  \\"success\\": true,
  \\"exitCode\\": 0,
  \\"message\\": \\"The help was constructed for command: db2.\\",
  \\"stdout\\": \\"\\\\n DESCRIPTION\\\\n -----------\\\\n\\\\n   Interact with IBM Db2 for z/OS\\\\n\\\\n USAGE\\\\n -----\\\\n\\\\n   zowe db2 <group>\\\\n\\\\n   Where <group> is one of the following:\\\\n\\\\n GROUPS\\\\n ------\\\\n\\\\n   call    Call a stored procedure\\\\n   execute Execute a SQL query    \\\\n   export  Export a table         \\\\n\\\\n GLOBAL OPTIONS\\\\n --------------\\\\n\\\\n   --response-format-json  | --rfj (boolean)\\\\n\\\\n      Produce JSON formatted data from a command\\\\n\\\\n   --help  | -h (boolean)\\\\n\\\\n      Display help text\\\\n\\\\n   --help-examples  (boolean)\\\\n\\\\n      Display examples for all the commands in a group\\\\n\\\\n   --help-web  | --hw (boolean)\\\\n\\\\n      Display HTML help in browser\\\\n\\\\n\\",
  \\"stderr\\": \\"\\",
  \\"data\\": \\"\\\\n DESCRIPTION\\\\n -----------\\\\n\\\\n   Interact with IBM Db2 for z/OS\\\\n\\\\n USAGE\\\\n -----\\\\n\\\\n   zowe db2 <group>\\\\n\\\\n   Where <group> is one of the following:\\\\n\\\\n GROUPS\\\\n ------\\\\n\\\\n   call    Call a stored procedure\\\\n   execute Execute a SQL query    \\\\n   export  Export a table         \\\\n\\\\n GLOBAL OPTIONS\\\\n --------------\\\\n\\\\n   --response-format-json  | --rfj (boolean)\\\\n\\\\n      Produce JSON formatted data from a command\\\\n\\\\n   --help  | -h (boolean)\\\\n\\\\n      Display help text\\\\n\\\\n   --help-examples  (boolean)\\\\n\\\\n      Display examples for all the commands in a group\\\\n\\\\n   --help-web  | --hw (boolean)\\\\n\\\\n      Display HTML help in browser\\\\n\\\\n\\"
}"
`;

exports[`db2 command should fail with invalid option 1`] = `
"Command Error:
Unknown arguments: command, D
Command failed due to improper syntax
Command entered: \\"zowe db2 --command -D DDF\\"
Use \\"zowe db2 --help\\" to view groups, commands, and options.
Error Details:
Unknown arguments: command, D
"
`;

exports[`db2 command should fail with invalid option 2`] = `""`;

exports[`db2 command should fail with invalid parameter 1`] = `
"Command Error:
Unknown arguments: drop, DEMOUSER.DEMOTABLE
Command failed due to improper syntax
Command entered: \\"zowe db2 drop DEMOUSER.DEMOTABLE\\"
Use \\"zowe db2 --help\\" to view groups, commands, and options.
Error Details:
Unknown arguments: drop, DEMOUSER.DEMOTABLE
"
`;

exports[`db2 command should fail with invalid parameter 2`] = `""`;
