// Jest Snapshot v1, https://goo.gl/fbAQLP

exports[`db2 execute sql command should be able to execute SQL statements from file 1`] = `
"Result #1
- 
  TOTAL: 1


Result #2
- 
  DATA: TEXT


"
`;

exports[`db2 execute sql command should be able to execute SQL statements overriding some of the options by arguments 1`] = `
"Result #1
- 
  TOTAL: 1


"
`;

exports[`db2 execute sql command should complete the command successfully and return a valid JSON response 1`] = `
"{
  \\"success\\": true,
  \\"exitCode\\": 0,
  \\"message\\": \\"\\",
  \\"stdout\\": \\"Result #1\\\\n- \\\\n  TOTAL: 1\\\\n\\\\n\\\\n\\",
  \\"stderr\\": \\"\\",
  \\"data\\": [
    [
      {
        \\"TOTAL\\": 1
      }
    ]
  ]
}"
`;

exports[`db2 execute sql command should display the help 1`] = `
"
 COMMAND NAME
 ------------

   sql

 DESCRIPTION
 -----------

   Execute one or multiple SQL statements separated by a semicolon from a command
   line or from a file.

 USAGE
 -----

   zowe db2 execute sql [options]

 OPTIONS
 -------

   --query  | -q (string)

      The SQL statement verbatim to execute

   --file  | -f (string)

      A local file containing the SQL statements to execute

 DB2 CONNECTION OPTIONS
 ----------------------

   --host  | -H (string)

      The Db2 server host name

   --port  | -P (number)

      The Db2 server port number

   --user  | -u (string)

      The Db2 user ID (may be the same as the TSO login)

   --password  | --pass | --pw (string)

      The Db2 password (may be the same as the TSO password)

   --database  | --db (string)

      The name of the database

   --sslFile  | --ssl (string)

      Path to an SSL Certificate file

 PROFILE OPTIONS
 ---------------

   --db2-profile  | --db2-p (string)

      The name of a (db2) profile to load for this command execution.

   --base-profile  | --base-p (string)

      The name of a (base) profile to load for this command execution.

 BASE CONNECTION OPTIONS
 -----------------------

   --reject-unauthorized  | --ru (boolean)

      Reject self-signed certificates.

      Default value: true

   --token-type  | --tt (string)

      The type of token to get and use for the API. Omit this option to use the
      default token type, which is provided by 'zowe auth login'.

   --token-value  | --tv (string)

      The value of the token to pass to the API.

 GLOBAL OPTIONS
 --------------

   --response-format-json  | --rfj (boolean)

      Produce JSON formatted data from a command

   --help  | -h (boolean)

      Display help text

   --help-examples  (boolean)

      Display examples for all the commands in a group

   --help-web  | --hw (boolean)

      Display HTML help in browser

 EXAMPLES
 --------

   - Execute a dummy SQL query:

      $ zowe db2 execute sql --query \\"SELECT 'Hello World' FROM SYSIBM.SYSDUMMY1\\"

   - Retrieve the employees table and total number of rows:

      $ zowe db2 execute sql -q \\"SELECT * FROM SAMPLE.EMP; SELECT COUNT(*) AS TOTAL FROM SAMPLE.EMP\\"

   - Execute a file with SQL statements:

      $ zowe db2 execute sql --file backup_sample_database.sql

{
  \\"success\\": true,
  \\"exitCode\\": 0,
  \\"message\\": \\"The help was constructed for command: sql.\\",
  \\"stdout\\": \\"\\\\n COMMAND NAME\\\\n ------------\\\\n\\\\n   sql\\\\n\\\\n DESCRIPTION\\\\n -----------\\\\n\\\\n   Execute one or multiple SQL statements separated by a semicolon from a command\\\\n   line or from a file.\\\\n\\\\n USAGE\\\\n -----\\\\n\\\\n   zowe db2 execute sql [options]\\\\n\\\\n OPTIONS\\\\n -------\\\\n\\\\n   --query  | -q (string)\\\\n\\\\n      The SQL statement verbatim to execute\\\\n\\\\n   --file  | -f (string)\\\\n\\\\n      A local file containing the SQL statements to execute\\\\n\\\\n DB2 CONNECTION OPTIONS\\\\n ----------------------\\\\n\\\\n   --host  | -H (string)\\\\n\\\\n      The Db2 server host name\\\\n\\\\n   --port  | -P (number)\\\\n\\\\n      The Db2 server port number\\\\n\\\\n   --user  | -u (string)\\\\n\\\\n      The Db2 user ID (may be the same as the TSO login)\\\\n\\\\n   --password  | --pass | --pw (string)\\\\n\\\\n      The Db2 password (may be the same as the TSO password)\\\\n\\\\n   --database  | --db (string)\\\\n\\\\n      The name of the database\\\\n\\\\n   --sslFile  | --ssl (string)\\\\n\\\\n      Path to an SSL Certificate file\\\\n\\\\n PROFILE OPTIONS\\\\n ---------------\\\\n\\\\n   --db2-profile  | --db2-p (string)\\\\n\\\\n      The name of a (db2) profile to load for this command execution.\\\\n\\\\n   --base-profile  | --base-p (string)\\\\n\\\\n      The name of a (base) profile to load for this command execution.\\\\n\\\\n BASE CONNECTION OPTIONS\\\\n -----------------------\\\\n\\\\n   --reject-unauthorized  | --ru (boolean)\\\\n\\\\n      Reject self-signed certificates.\\\\n\\\\n      Default value: true\\\\n\\\\n   --token-type  | --tt (string)\\\\n\\\\n      The type of token to get and use for the API. Omit this option to use the\\\\n      default token type, which is provided by 'zowe auth login'.\\\\n\\\\n   --token-value  | --tv (string)\\\\n\\\\n      The value of the token to pass to the API.\\\\n\\\\n GLOBAL OPTIONS\\\\n --------------\\\\n\\\\n   --response-format-json  | --rfj (boolean)\\\\n\\\\n      Produce JSON formatted data from a command\\\\n\\\\n   --help  | -h (boolean)\\\\n\\\\n      Display help text\\\\n\\\\n   --help-examples  (boolean)\\\\n\\\\n      Display examples for all the commands in a group\\\\n\\\\n   --help-web  | --hw (boolean)\\\\n\\\\n      Display HTML help in browser\\\\n\\\\n EXAMPLES\\\\n --------\\\\n\\\\n   - Execute a dummy SQL query:\\\\n\\\\n      $ zowe db2 execute sql --query \\\\\\"SELECT 'Hello World' FROM SYSIBM.SYSDUMMY1\\\\\\"\\\\n\\\\n   - Retrieve the employees table and total number of rows:\\\\n\\\\n      $ zowe db2 execute sql -q \\\\\\"SELECT * FROM SAMPLE.EMP; SELECT COUNT(*) AS TOTAL FROM SAMPLE.EMP\\\\\\"\\\\n\\\\n   - Execute a file with SQL statements:\\\\n\\\\n      $ zowe db2 execute sql --file backup_sample_database.sql\\\\n\\\\n\\",
  \\"stderr\\": \\"\\",
  \\"data\\": \\"\\\\n COMMAND NAME\\\\n ------------\\\\n\\\\n   sql\\\\n\\\\n DESCRIPTION\\\\n -----------\\\\n\\\\n   Execute one or multiple SQL statements separated by a semicolon from a command\\\\n   line or from a file.\\\\n\\\\n USAGE\\\\n -----\\\\n\\\\n   zowe db2 execute sql [options]\\\\n\\\\n OPTIONS\\\\n -------\\\\n\\\\n   --query  | -q (string)\\\\n\\\\n      The SQL statement verbatim to execute\\\\n\\\\n   --file  | -f (string)\\\\n\\\\n      A local file containing the SQL statements to execute\\\\n\\\\n DB2 CONNECTION OPTIONS\\\\n ----------------------\\\\n\\\\n   --host  | -H (string)\\\\n\\\\n      The Db2 server host name\\\\n\\\\n   --port  | -P (number)\\\\n\\\\n      The Db2 server port number\\\\n\\\\n   --user  | -u (string)\\\\n\\\\n      The Db2 user ID (may be the same as the TSO login)\\\\n\\\\n   --password  | --pass | --pw (string)\\\\n\\\\n      The Db2 password (may be the same as the TSO password)\\\\n\\\\n   --database  | --db (string)\\\\n\\\\n      The name of the database\\\\n\\\\n   --sslFile  | --ssl (string)\\\\n\\\\n      Path to an SSL Certificate file\\\\n\\\\n PROFILE OPTIONS\\\\n ---------------\\\\n\\\\n   --db2-profile  | --db2-p (string)\\\\n\\\\n      The name of a (db2) profile to load for this command execution.\\\\n\\\\n   --base-profile  | --base-p (string)\\\\n\\\\n      The name of a (base) profile to load for this command execution.\\\\n\\\\n BASE CONNECTION OPTIONS\\\\n -----------------------\\\\n\\\\n   --reject-unauthorized  | --ru (boolean)\\\\n\\\\n      Reject self-signed certificates.\\\\n\\\\n      Default value: true\\\\n\\\\n   --token-type  | --tt (string)\\\\n\\\\n      The type of token to get and use for the API. Omit this option to use the\\\\n      default token type, which is provided by 'zowe auth login'.\\\\n\\\\n   --token-value  | --tv (string)\\\\n\\\\n      The value of the token to pass to the API.\\\\n\\\\n GLOBAL OPTIONS\\\\n --------------\\\\n\\\\n   --response-format-json  | --rfj (boolean)\\\\n\\\\n      Produce JSON formatted data from a command\\\\n\\\\n   --help  | -h (boolean)\\\\n\\\\n      Display help text\\\\n\\\\n   --help-examples  (boolean)\\\\n\\\\n      Display examples for all the commands in a group\\\\n\\\\n   --help-web  | --hw (boolean)\\\\n\\\\n      Display HTML help in browser\\\\n\\\\n EXAMPLES\\\\n --------\\\\n\\\\n   - Execute a dummy SQL query:\\\\n\\\\n      $ zowe db2 execute sql --query \\\\\\"SELECT 'Hello World' FROM SYSIBM.SYSDUMMY1\\\\\\"\\\\n\\\\n   - Retrieve the employees table and total number of rows:\\\\n\\\\n      $ zowe db2 execute sql -q \\\\\\"SELECT * FROM SAMPLE.EMP; SELECT COUNT(*) AS TOTAL FROM SAMPLE.EMP\\\\\\"\\\\n\\\\n   - Execute a file with SQL statements:\\\\n\\\\n      $ zowe db2 execute sql --file backup_sample_database.sql\\\\n\\\\n\\"
}"
`;

exports[`db2 execute sql command should fail when file doesn't exist 1`] = `
"Command Error:
Error: ENOENT: no such file or directory, open 'not-existing-file.sql'
"
`;

exports[`db2 execute sql command should fail with invalid option 1`] = `
"Command Error:
Unknown argument: commit
Command failed due to improper syntax
Command entered: \\"zowe db2 execute sql --commit SELECT 1 FROM SYSIBM.SYSDUMMY1\\"
Available commands are \\"sql\\".
Use \\"zowe db2 execute --help\\" to view groups, commands, and options.
Error Details:
Unknown argument: commit
"
`;

exports[`db2 execute sql command should fail with invalid option 2`] = `""`;

exports[`db2 execute sql command should not accept mutually exclusive options 1`] = `
"
Syntax Error:
The following options conflict (mutually exclusive):
--query
--file

Syntax Error:
The following options conflict (mutually exclusive):
--file
--query

Example:

 - Execute a dummy SQL query:

      $ zowe db2 execute sql --query \\"SELECT 'Hello World' FROM SYSIBM.SYSDUMMY1\\"

Use \\"zowe db2 execute sql --help\\" to view command description, usage, and options.
"
`;

exports[`db2 execute sql command should not accept mutually exclusive options 2`] = `""`;

exports[`should execute sql commands without profile should be able to execute SQL statements using passed options not profile 1`] = `
"Result #1
- 
  TOTAL: 1


"
`;
