// Jest Snapshot v1, https://goo.gl/fbAQLP

exports[`db2 execute group definition should not have changed 1`] = `
Object {
  "description": "Execute SQL queries against a Db2 region and retrieve the response. Enclose the query in quotes and escape any symbols that have a special meaning to the shell.",
  "name": "execute",
  "passOn": Array [
    Object {
      "ignoreNodes": Array [
        Object {
          "type": "group",
        },
      ],
      "merge": true,
      "property": "options",
      "value": Array [
        Object {
          "aliases": Array [
            "H",
          ],
          "description": "The Db2 server host name",
          "group": "DB2 Connection Options",
          "name": "host",
          "type": "string",
        },
        Object {
          "aliases": Array [
            "P",
          ],
          "description": "The Db2 server port number",
          "group": "DB2 Connection Options",
          "name": "port",
          "type": "number",
        },
        Object {
          "aliases": Array [
            "u",
          ],
          "description": "The Db2 user ID (may be the same as the TSO login)",
          "group": "DB2 Connection Options",
          "name": "user",
          "type": "string",
        },
        Object {
          "aliases": Array [
            "pass",
            "pw",
          ],
          "description": "The Db2 password (may be the same as the TSO password)",
          "group": "DB2 Connection Options",
          "name": "password",
          "type": "string",
        },
        Object {
          "aliases": Array [
            "db",
          ],
          "description": "The name of the database",
          "group": "DB2 Connection Options",
          "name": "database",
          "type": "string",
        },
        Object {
          "aliases": Array [
            "ssl",
          ],
          "description": "Path to an SSL Certificate file",
          "group": "DB2 Connection Options",
          "name": "sslFile",
          "type": "string",
        },
      ],
    },
  ],
  "summary": "Execute a SQL query",
  "type": "group",
}
`;
