// Jest Snapshot v1, https://goo.gl/fbAQLP

exports[`db2 call command should display the help 1`] = `
"
 DESCRIPTION
 -----------

   Call a Db2 stored procedure

 USAGE
 -----

   zowe db2 call <command>

   Where <command> is one of the following:

 COMMANDS
 --------

   procedure | proc | sp Call a Db2 stored procedure

 GLOBAL OPTIONS
 --------------

   --response-format-json  | --rfj (boolean)

      Produce JSON formatted data from a command

   --help  | -h (boolean)

      Display help text

   --help-examples  (boolean)

      Display examples for all the commands in a the group

   --help-web  | --hw (boolean)

      Display HTML help in browser

{
  \\"success\\": true,
  \\"exitCode\\": 0,
  \\"message\\": \\"The help was constructed for command: call.\\",
  \\"stdout\\": \\"\\\\n DESCRIPTION\\\\n -----------\\\\n\\\\n   Call a Db2 stored procedure\\\\n\\\\n USAGE\\\\n -----\\\\n\\\\n   zowe db2 call <command>\\\\n\\\\n   Where <command> is one of the following:\\\\n\\\\n COMMANDS\\\\n --------\\\\n\\\\n   procedure | proc | sp Call a Db2 stored procedure\\\\n\\\\n GLOBAL OPTIONS\\\\n --------------\\\\n\\\\n   --response-format-json  | --rfj (boolean)\\\\n\\\\n      Produce JSON formatted data from a command\\\\n\\\\n   --help  | -h (boolean)\\\\n\\\\n      Display help text\\\\n\\\\n   --help-examples  (boolean)\\\\n\\\\n      Display examples for all the commands in a the group\\\\n\\\\n   --help-web  | --hw (boolean)\\\\n\\\\n      Display HTML help in browser\\\\n\\\\n\\",
  \\"stderr\\": \\"\\",
  \\"data\\": \\"\\\\n DESCRIPTION\\\\n -----------\\\\n\\\\n   Call a Db2 stored procedure\\\\n\\\\n USAGE\\\\n -----\\\\n\\\\n   zowe db2 call <command>\\\\n\\\\n   Where <command> is one of the following:\\\\n\\\\n COMMANDS\\\\n --------\\\\n\\\\n   procedure | proc | sp Call a Db2 stored procedure\\\\n\\\\n GLOBAL OPTIONS\\\\n --------------\\\\n\\\\n   --response-format-json  | --rfj (boolean)\\\\n\\\\n      Produce JSON formatted data from a command\\\\n\\\\n   --help  | -h (boolean)\\\\n\\\\n      Display help text\\\\n\\\\n   --help-examples  (boolean)\\\\n\\\\n      Display examples for all the commands in a the group\\\\n\\\\n   --help-web  | --hw (boolean)\\\\n\\\\n      Display HTML help in browser\\\\n\\\\n\\"
}"
`;

exports[`db2 call command should fail with invalid option 1`] = `
"Command Error:
Unknown argument: sp
Command failed due to improper syntax
Command entered: \\"zowe db2 call --sp DEMOUSER.DEMOSP1(1, 2, 3)\\"
Available commands are \\"procedure\\".
Use \\"zowe db2 call --help\\" to view groups, commands, and options.
Error Details:
Unknown argument: sp
"
`;

exports[`db2 call command should fail with invalid option 2`] = `""`;

exports[`db2 call command should fail with invalid parameter 1`] = `
"Command Error:
Unknown arguments: routine, DEMOUSER.DEMOSP1
Command failed due to improper syntax
Command entered: \\"zowe db2 call routine DEMOUSER.DEMOSP1\\"
Available commands are \\"procedure\\".
Use \\"zowe db2 call --help\\" to view groups, commands, and options.
Error Details:
Unknown arguments: routine, DEMOUSER.DEMOSP1
"
`;

exports[`db2 call command should fail with invalid parameter 2`] = `""`;
