// Jest Snapshot v1, https://goo.gl/fbAQLP

exports[`db2 call stored procedure command should display the help 1`] = `
"
 COMMAND NAME
 ------------

   procedure | proc | sp

 DESCRIPTION
 -----------

   Call a Db2 stored procedure. Specify the stored procedure name and optionally
   provide values.

 USAGE
 -----

   zowe db2 call procedure <routine> [options]

 POSITIONAL ARGUMENTS
 --------------------

   routine		 (string)

      The name of a Db2 stored procedure

 OPTIONS
 -------

   --parameters  | -p (array)

      Values to bind to the stored procedure parameters

 DB2 CONNECTION OPTIONS
 ----------------------

   --host  | -H (string)

      The Db2 server host name

   --port  | -P (number)

      The Db2 server port number

   --user  | -u (string)

      The Db2 user ID (may be the same as the TSO login)

   --password  | --pass | --pw (string)

      The Db2 password (may be the same as the TSO password)

   --database  | --db (string)

      The name of the database

   --sslFile  | --ssl (string)

      Path to an SSL Certificate file

 PROFILE OPTIONS
 ---------------

   --db2-profile  | --db2-p (string)

      The name of a (db2) profile to load for this command execution.

   --base-profile  | --base-p (string)

      The name of a (base) profile to load for this command execution.

 BASE CONNECTION OPTIONS
 -----------------------

   --reject-unauthorized  | --ru (boolean)

      Reject self-signed certificates.

      Default value: true

   --token-type  | --tt (string)

      The type of token to get and use for the API. Omit this option to use the
      default token type, which is provided by 'zowe auth login'.

   --token-value  | --tv (string)

      The value of the token to pass to the API.

 GLOBAL OPTIONS
 --------------

   --response-format-json  | --rfj (boolean)

      Produce JSON formatted data from a command

   --help  | -h (boolean)

      Display help text

   --help-examples  (boolean)

      Display examples for all the commands in a group

   --help-web  | --hw (boolean)

      Display HTML help in browser

 EXAMPLES
 --------

   - Call stored procedure DEMO.SP1:

      $ zowe db2 call procedure \\"DEMO.SP1\\"

   - Call a stored procedure and pass values for parameter
   indicators:

      $ zowe db2 call procedure \\"DEMO.SP2(?, ?)\\" --parameters \\"Hello\\" \\"world!\\"

   - Call a stored procedure and pass values for two output
   parameters. The first output requires a 2-character buffer. The second output is
   a message that will be truncated to the length of the placeholder.:

      $ zowe db2 call procedure \\"DEMO.SP3(NULL, ?, ?)\\" --parameters \\"00\\" \\"message_placeholder_message_placeholder\\"

{
  \\"success\\": true,
  \\"exitCode\\": 0,
  \\"message\\": \\"The help was constructed for command: procedure.\\",
  \\"stdout\\": \\"\\\\n COMMAND NAME\\\\n ------------\\\\n\\\\n   procedure | proc | sp\\\\n\\\\n DESCRIPTION\\\\n -----------\\\\n\\\\n   Call a Db2 stored procedure. Specify the stored procedure name and optionally\\\\n   provide values.\\\\n\\\\n USAGE\\\\n -----\\\\n\\\\n   zowe db2 call procedure <routine> [options]\\\\n\\\\n POSITIONAL ARGUMENTS\\\\n --------------------\\\\n\\\\n   routine\\\\t\\\\t (string)\\\\n\\\\n      The name of a Db2 stored procedure\\\\n\\\\n OPTIONS\\\\n -------\\\\n\\\\n   --parameters  | -p (array)\\\\n\\\\n      Values to bind to the stored procedure parameters\\\\n\\\\n DB2 CONNECTION OPTIONS\\\\n ----------------------\\\\n\\\\n   --host  | -H (string)\\\\n\\\\n      The Db2 server host name\\\\n\\\\n   --port  | -P (number)\\\\n\\\\n      The Db2 server port number\\\\n\\\\n   --user  | -u (string)\\\\n\\\\n      The Db2 user ID (may be the same as the TSO login)\\\\n\\\\n   --password  | --pass | --pw (string)\\\\n\\\\n      The Db2 password (may be the same as the TSO password)\\\\n\\\\n   --database  | --db (string)\\\\n\\\\n      The name of the database\\\\n\\\\n   --sslFile  | --ssl (string)\\\\n\\\\n      Path to an SSL Certificate file\\\\n\\\\n PROFILE OPTIONS\\\\n ---------------\\\\n\\\\n   --db2-profile  | --db2-p (string)\\\\n\\\\n      The name of a (db2) profile to load for this command execution.\\\\n\\\\n   --base-profile  | --base-p (string)\\\\n\\\\n      The name of a (base) profile to load for this command execution.\\\\n\\\\n BASE CONNECTION OPTIONS\\\\n -----------------------\\\\n\\\\n   --reject-unauthorized  | --ru (boolean)\\\\n\\\\n      Reject self-signed certificates.\\\\n\\\\n      Default value: true\\\\n\\\\n   --token-type  | --tt (string)\\\\n\\\\n      The type of token to get and use for the API. Omit this option to use the\\\\n      default token type, which is provided by 'zowe auth login'.\\\\n\\\\n   --token-value  | --tv (string)\\\\n\\\\n      The value of the token to pass to the API.\\\\n\\\\n GLOBAL OPTIONS\\\\n --------------\\\\n\\\\n   --response-format-json  | --rfj (boolean)\\\\n\\\\n      Produce JSON formatted data from a command\\\\n\\\\n   --help  | -h (boolean)\\\\n\\\\n      Display help text\\\\n\\\\n   --help-examples  (boolean)\\\\n\\\\n      Display examples for all the commands in a group\\\\n\\\\n   --help-web  | --hw (boolean)\\\\n\\\\n      Display HTML help in browser\\\\n\\\\n EXAMPLES\\\\n --------\\\\n\\\\n   - Call stored procedure DEMO.SP1:\\\\n\\\\n      $ zowe db2 call procedure \\\\\\"DEMO.SP1\\\\\\"\\\\n\\\\n   - Call a stored procedure and pass values for parameter\\\\n   indicators:\\\\n\\\\n      $ zowe db2 call procedure \\\\\\"DEMO.SP2(?, ?)\\\\\\" --parameters \\\\\\"Hello\\\\\\" \\\\\\"world!\\\\\\"\\\\n\\\\n   - Call a stored procedure and pass values for two output\\\\n   parameters. The first output requires a 2-character buffer. The second output is\\\\n   a message that will be truncated to the length of the placeholder.:\\\\n\\\\n      $ zowe db2 call procedure \\\\\\"DEMO.SP3(NULL, ?, ?)\\\\\\" --parameters \\\\\\"00\\\\\\" \\\\\\"message_placeholder_message_placeholder\\\\\\"\\\\n\\\\n\\",
  \\"stderr\\": \\"\\",
  \\"data\\": \\"\\\\n COMMAND NAME\\\\n ------------\\\\n\\\\n   procedure | proc | sp\\\\n\\\\n DESCRIPTION\\\\n -----------\\\\n\\\\n   Call a Db2 stored procedure. Specify the stored procedure name and optionally\\\\n   provide values.\\\\n\\\\n USAGE\\\\n -----\\\\n\\\\n   zowe db2 call procedure <routine> [options]\\\\n\\\\n POSITIONAL ARGUMENTS\\\\n --------------------\\\\n\\\\n   routine\\\\t\\\\t (string)\\\\n\\\\n      The name of a Db2 stored procedure\\\\n\\\\n OPTIONS\\\\n -------\\\\n\\\\n   --parameters  | -p (array)\\\\n\\\\n      Values to bind to the stored procedure parameters\\\\n\\\\n DB2 CONNECTION OPTIONS\\\\n ----------------------\\\\n\\\\n   --host  | -H (string)\\\\n\\\\n      The Db2 server host name\\\\n\\\\n   --port  | -P (number)\\\\n\\\\n      The Db2 server port number\\\\n\\\\n   --user  | -u (string)\\\\n\\\\n      The Db2 user ID (may be the same as the TSO login)\\\\n\\\\n   --password  | --pass | --pw (string)\\\\n\\\\n      The Db2 password (may be the same as the TSO password)\\\\n\\\\n   --database  | --db (string)\\\\n\\\\n      The name of the database\\\\n\\\\n   --sslFile  | --ssl (string)\\\\n\\\\n      Path to an SSL Certificate file\\\\n\\\\n PROFILE OPTIONS\\\\n ---------------\\\\n\\\\n   --db2-profile  | --db2-p (string)\\\\n\\\\n      The name of a (db2) profile to load for this command execution.\\\\n\\\\n   --base-profile  | --base-p (string)\\\\n\\\\n      The name of a (base) profile to load for this command execution.\\\\n\\\\n BASE CONNECTION OPTIONS\\\\n -----------------------\\\\n\\\\n   --reject-unauthorized  | --ru (boolean)\\\\n\\\\n      Reject self-signed certificates.\\\\n\\\\n      Default value: true\\\\n\\\\n   --token-type  | --tt (string)\\\\n\\\\n      The type of token to get and use for the API. Omit this option to use the\\\\n      default token type, which is provided by 'zowe auth login'.\\\\n\\\\n   --token-value  | --tv (string)\\\\n\\\\n      The value of the token to pass to the API.\\\\n\\\\n GLOBAL OPTIONS\\\\n --------------\\\\n\\\\n   --response-format-json  | --rfj (boolean)\\\\n\\\\n      Produce JSON formatted data from a command\\\\n\\\\n   --help  | -h (boolean)\\\\n\\\\n      Display help text\\\\n\\\\n   --help-examples  (boolean)\\\\n\\\\n      Display examples for all the commands in a group\\\\n\\\\n   --help-web  | --hw (boolean)\\\\n\\\\n      Display HTML help in browser\\\\n\\\\n EXAMPLES\\\\n --------\\\\n\\\\n   - Call stored procedure DEMO.SP1:\\\\n\\\\n      $ zowe db2 call procedure \\\\\\"DEMO.SP1\\\\\\"\\\\n\\\\n   - Call a stored procedure and pass values for parameter\\\\n   indicators:\\\\n\\\\n      $ zowe db2 call procedure \\\\\\"DEMO.SP2(?, ?)\\\\\\" --parameters \\\\\\"Hello\\\\\\" \\\\\\"world!\\\\\\"\\\\n\\\\n   - Call a stored procedure and pass values for two output\\\\n   parameters. The first output requires a 2-character buffer. The second output is\\\\n   a message that will be truncated to the length of the placeholder.:\\\\n\\\\n      $ zowe db2 call procedure \\\\\\"DEMO.SP3(NULL, ?, ?)\\\\\\" --parameters \\\\\\"00\\\\\\" \\\\\\"message_placeholder_message_placeholder\\\\\\"\\\\n\\\\n\\"
}"
`;
